// Jest Snapshot v1, https://goo.gl/fbAQLP

exports[`should render Header correctly 1`] = `
<div>
  <h1>
    Expensify
  </h1>
  <NavLink
    to="/"
  >
    Home
  </NavLink>
  <NavLink
    to="/add"
  >
    Add
  </NavLink>
  <NavLink
    to="/edit"
  >
    Edit
  </NavLink>
  <NavLink
    to="/help"
  >
    Help
  </NavLink>
</div>
`;
